2026-06-09T22:59:49.234+03:00  INFO 12488 --- [coffe-machine] [restartedMain] com.coffemachine.coffemachine.Main       : Starting Main using Java 24.0.2 with PID 12488 (D:\IdeaProjects\coffe-machine\target\classes started by vovar in D:\IdeaProjects\coffe-machine)
2026-06-09T22:59:49.239+03:00  INFO 12488 --- [coffe-machine] [restartedMain] com.coffemachine.coffemachine.Main       : No active profile set, falling back to 1 default profile: "default"
2026-06-09T22:59:49.283+03:00  INFO 12488 --- [coffe-machine] [restartedMain] .e.DevToolsPropertyDefaultsPostProcessor : Devtools property defaults active! Set 'spring.devtools.add-properties' to 'false' to disable
2026-06-09T22:59:49.283+03:00  INFO 12488 --- [coffe-machine] [restartedMain] .e.DevToolsPropertyDefaultsPostProcessor : For additional web related logging consider setting the 'logging.level.web' property to 'DEBUG'
2026-06-09T22:59:50.002+03:00  INFO 12488 --- [coffe-machine] [restartedMain] .s.d.r.c.RepositoryConfigurationDelegate : Bootstrapping Spring Data JPA repositories in DEFAULT mode.
2026-06-09T22:59:50.051+03:00  INFO 12488 --- [coffe-machine] [restartedMain] .s.d.r.c.RepositoryConfigurationDelegate : Finished Spring Data repository scanning in 40 ms. Found 4 JPA repository interfaces.
2026-06-09T22:59:50.474+03:00  INFO 12488 --- [coffe-machine] [restartedMain] o.s.boot.tomcat.TomcatWebServer          : Tomcat initialized with port 8080 (http)
2026-06-09T22:59:50.485+03:00  INFO 12488 --- [coffe-machine] [restartedMain] o.apache.catalina.core.StandardService   : Starting service [Tomcat]
2026-06-09T22:59:50.486+03:00  INFO 12488 --- [coffe-machine] [restartedMain] o.apache.catalina.core.StandardEngine    : Starting Servlet engine: [Apache Tomcat/11.0.21]
2026-06-09T22:59:50.517+03:00  INFO 12488 --- [coffe-machine] [restartedMain] b.w.c.s.WebApplicationContextInitializer : Root WebApplicationContext: initialization completed in 1233 ms
2026-06-09T22:59:50.657+03:00  INFO 12488 --- [coffe-machine] [restartedMain] org.hibernate.orm.jpa                    : HHH008540: Processing PersistenceUnitInfo [name: default]
2026-06-09T22:59:50.712+03:00  INFO 12488 --- [coffe-machine] [restartedMain] org.hibernate.orm.core                   : HHH000001: Hibernate ORM core version 7.2.12.Final
2026-06-09T22:59:51.060+03:00  INFO 12488 --- [coffe-machine] [restartedMain] o.s.o.j.p.SpringPersistenceUnitInfo      : No LoadTimeWeaver setup: ignoring JPA class transformer
2026-06-09T22:59:51.092+03:00  INFO 12488 --- [coffe-machine] [restartedMain] com.zaxxer.hikari.HikariDataSource       : HikariPool-1 - Starting...
2026-06-09T22:59:51.354+03:00  INFO 12488 --- [coffe-machine] [restartedMain] com.zaxxer.hikari.pool.HikariPool        : HikariPool-1 - Added connection com.mysql.cj.jdbc.ConnectionImpl@162edb23
2026-06-09T22:59:51.355+03:00  INFO 12488 --- [coffe-machine] [restartedMain] com.zaxxer.hikari.HikariDataSource       : HikariPool-1 - Start completed.
2026-06-09T22:59:51.428+03:00  WARN 12488 --- [coffe-machine] [restartedMain] org.hibernate.orm.deprecation            : HHH90000025: MySQLDialect does not need to be specified explicitly using 'hibernate.dialect' (remove the property setting and it will be selected by default)
2026-06-09T22:59:51.444+03:00  INFO 12488 --- [coffe-machine] [restartedMain] org.hibernate.orm.connections.pooling    : HHH10001005: Database info:
	Database JDBC URL [jdbc:mysql://localhost:3306/coffe_machine?useSSL=false&serverTimezone=UTC&allowPublicKeyRetrieval=true]
	Database driver: MySQL Connector/J
	Database dialect: MySQLDialect
	Database version: 8.0.44
	Default catalog/schema: coffe_machine/undefined
	Autocommit mode: undefined/unknown
	Isolation level: REPEATABLE_READ [default REPEATABLE_READ]
	JDBC fetch size: none
	Pool: DataSourceConnectionProvider
	Minimum pool size: undefined/unknown
	Maximum pool size: undefined/unknown
2026-06-09T22:59:52.204+03:00  INFO 12488 --- [coffe-machine] [restartedMain] org.hibernate.orm.core                   : HHH000489: No JTA platform available (set 'hibernate.transaction.jta.platform' to enable JTA platform integration)
2026-06-09T22:59:52.317+03:00  INFO 12488 --- [coffe-machine] [restartedMain] j.LocalContainerEntityManagerFactoryBean : Initialized JPA EntityManagerFactory for persistence unit 'default'
2026-06-09T22:59:52.376+03:00  INFO 12488 --- [coffe-machine] [restartedMain] o.s.d.j.r.query.QueryEnhancerFactories   : Hibernate is in classpath; If applicable, HQL parser will be used.
2026-06-09T22:59:52.620+03:00  WARN 12488 --- [coffe-machine] [restartedMain] .s.a.UserDetailsServiceAutoConfiguration : 

Using generated security password: e7a28757-d216-4597-9f5c-2cd686439370

This generated password is for development use only. Your security configuration must be updated before running your application in production.

2026-06-09T22:59:52.626+03:00  INFO 12488 --- [coffe-machine] [restartedMain] r$InitializeUserDetailsManagerConfigurer : Global AuthenticationManager configured with UserDetailsService bean with name inMemoryUserDetailsManager
2026-06-09T22:59:52.745+03:00  INFO 12488 --- [coffe-machine] [restartedMain] o.s.b.w.a.WelcomePageHandlerMapping      : Adding welcome page template: index
2026-06-09T22:59:53.007+03:00  INFO 12488 --- [coffe-machine] [restartedMain] o.s.boot.tomcat.TomcatWebServer          : Tomcat started on port 8080 (http) with context path '/'
2026-06-09T22:59:53.011+03:00  INFO 12488 --- [coffe-machine] [restartedMain] com.coffemachine.coffemachine.Main       : Started Main in 4.123 seconds (process running for 5.019)
2026-06-09T22:59:59.784+03:00  INFO 12488 --- [coffe-machine] [http-nio-8080-exec-1] o.a.c.c.C.[Tomcat].[localhost].[/]       : Initializing Spring DispatcherServlet 'dispatcherServlet'
2026-06-09T22:59:59.784+03:00  INFO 12488 --- [coffe-machine] [http-nio-8080-exec-1] o.s.web.servlet.DispatcherServlet        : Initializing Servlet 'dispatcherServlet'
2026-06-09T22:59:59.785+03:00  INFO 12488 --- [coffe-machine] [http-nio-8080-exec-1] o.s.web.servlet.DispatcherServlet        : Completed initialization in 1 ms
